
 RUN  v4.1.8 C:/Horus/frontend

 ❯ src/pages/estoque/__tests__/NovoPedidoModal.test.tsx (5 tests | 3 failed) 4081ms
     × submete pedido e itens com payload correto 1372ms
     × pré-preenche fornecedor, previsão e itens no modo edição 1023ms
     × submit no modo edição chama update, delete e insert com dados corretos 1024ms
node.exe : 
No linha:1 caractere:1
+ & "C:\Program Files\nodejs/node.exe" "C:\Program Files\nodejs/node_mo ...
+ ~~~~~~~~~~~~~~~~~~~~~~~~~~~~~~~~~~~~~~~~~~~~~~~~~~~~~~~~~~~~~~~~~~~~~
    + CategoryInfo          : NotSpecified: (:String) [], RemoteException
    + FullyQualifiedErrorId : NativeCommandError
 
⎯⎯⎯⎯⎯⎯⎯ Failed Tests 3 ⎯⎯⎯⎯⎯⎯⎯

 FAIL  src/pages/estoque/__tests__/NovoPedidoModal.test.tsx > NovoPedidoModal > submete pedido e itens com payload 
correto
AssertionError: expected "vi.fn()" to be called at least once

Ignored nodes: comments, script, style
[36m<html>[39m
  [36m<head />[39m
  [36m<body>[39m
    [36m<div>[39m
      [36m<dialog[39m
        [33mclass[39m=[32m"gold-hairline bg-surface border border-line-2 rounded-2xl p-0 w-full text-text m-auto 
shadow-[0_32px_80px_-20px_rgba(0,0,0,0.7),0_0_40px_-24px_rgba(201,168,76,0.3)] 
open:animate-[scale-in_0.3s_cubic-bezier(0.22,1,0.36,1)] max-w-2xl"[39m
        [33mopen[39m=[32m""[39m
      [36m>[39m
        [36m<div[39m
          [33mclass[39m=[32m"flex items-center justify-between px-6 py-4 border-b border-line"[39m
        [36m>[39m
          [36m<h2[39m
            [33mclass[39m=[32m"text-2xl font-serif font-semibold tracking-wide"[39m
          [36m>[39m
            [0mNovo pedido[0m
          [36m</h2>[39m
          [36m<button[39m
            [33maria-label[39m=[32m"Fechar"[39m
            [33mclass[39m=[32m"w-8 h-8 flex items-center justify-center rounded-lg text-muted hover:text-text 
hover:bg-surface-2 hover:rotate-90 transition-all duration-300 cursor-pointer"[39m
          [36m>[39m
            [36m<svg[39m
              [33mclass[39m=[32m"shrink-0"[39m
              [33mfill[39m=[32m"none"[39m
              [33mheight[39m=[32m"18"[39m
              [33mstroke[39m=[32m"currentColor"[39m
              [33mstroke-linecap[39m=[32m"round"[39m
              [33mstroke-linejoin[39m=[32m"round"[39m
              [33mstroke-width[39m=[32m"1.6"[39m
              [33mstyle[39m=[32m"transform: rotate(45deg);"[39m
              [33mviewBox[39m=[32m"0 0 24 24"[39m
              [33mwidth[39m=[32m"18"[39m
            [36m>[39m
              [36m<path[39m
                [33md[39m=[32m"M12 5v14M5 12h14"[39m
              [36m/>[39m
            [36m</svg>[39m
          [36m</button>[39m
        [36m</div>[39m
        [36m<div[39m
          [33mclass[39m=[32m"p-6"[39m
        [36m>[39m
          [36m<form[39m
            [33mclass[39m=[32m"flex flex-col gap-4"[39m
          [36m>[39m
            [36m<div[39m
              [33mclass[39m=[32m"grid grid-cols-2 gap-3"[39m
            [36m>[39m
              [36m<div[39m
                [33mclass[39m=[32m"flex flex-col gap-1.5"[39m
              [36m>[39m
                [36m<label[39m
                  [33mclass[39m=[32m"text-xs font-medium uppercase tracking-[.08em] text-muted"[39m
                  [33mfor[39m=[32m"_r_d_"[39m
                [36m>[39m
                  [0mFornecedor[0m
                [36m</label>[39m
                [36m<div[39m
                  [33mclass[39m=[32m"relative"[39m
                [36m>[39m
                  [36m<select[39m
                    [33mclass[39m=[32m"w-full appearance-none px-3.5 py-2.5 pr-9 rounded-lg border border-line 
bg-surface-2 text-text text-sm cursor-pointer transition-all duration-200 focus:outline-none focus:border-gold/60 
focus:shadow-[0_0_0_3px_rgba(201,168,76,0.12)] hover:border-line-2"[39m
                    [33mid[39m=[32m"_r_d_"[39m
                    [33mrequired[39m=[32m""[39m
                  [36m>[39m
                    [36m<option[39m
                      [33mvalue[39m=[32m""[39m
                    [36m>[39m
                      [0mSelecione...[0m
                    [36m</option>[39m
                    [36m<option[39m
                      [33mvalue[39m=[32m"f1"[39m
                    [36m>[39m
                      [0mEssências Cairo[0m
                    [36m</option>[39m
                  [36m</select>[39m
                  [36m<svg[39m
                    [33mclass[39m=[32m"pointer-events-none absolute right-3 top-1/2 -translate-y-1/2 
text-muted"[39m
                    [33mfill[39m=[32m"none"[39m
                    [33mheight[39m=[32m"12"[39m
                    [33mviewBox[39m=[32m"0 0 12 12"[39m
                    [33mwidth[39m=[32m"12"[39m
                  [36m>[39m
                    [36m<path[39m
                      [33md[39m=[32m"M2.5 4.5L6 8L9.5 4.5"[39m
                      [33mstroke[39m=[32m"currentColor"[39m
                      [33mstroke-linecap[39m=[32m"round"[39m
                      [33mstroke-linejoin[39m=[32m"round"[39m
                      [33mstroke-width[39m=[32m"1.4"[39m
                    [36m/>[39m
                  [36m</svg>[39m
                [36m</div>[39m
              [36m</div>[39m
              [36m<div[39m
                [33mclass[39m=[32m"flex flex-col gap-1.5"[39m
              [36m>[39m
                [36m<label[39m
                  [33mclass[39m=[32m"text-xs font-medium uppercase tracking-[.08em] text-muted"[39m
                  [33mfor[39m=[32m"_r_e_"[39m
                [36m>[39m
                  [0mPrevisão de chegada[0m
                [36m</label>[39m
                [36m<input[39m
                  [33mclass[39m=[32m"w-full px-3.5 py-2.5 rounded-lg border border-line bg-surface-2 text-text 
text-sm placeholder:text-faint transition-all duration-200 focus:outline-none focus:border-gold/60 
focus:shadow-[0_0_0_3px_rgba(201,168,76,0.12)] hover:border-line-2"[39m
                  [33mid[39m=[32m"_r_e_"[39m
                  [33mtype[39m=[32m"date"[39m
                  [33mvalue[39m=[32m""[39m
                [36m/>[39m
              [36m</div>[39m
            [36m</div>[39m
            [36m<div[39m
              [33mclass[39m=[32m"flex flex-col gap-2"[39m
            [36m>[39m
              [36m<div[39m
                [33mclass[39m=[32m"flex items-center justify-between"[39m
              [36m>[39m
                [36m<span[39m
                  [33mclass[39m=[32m"text-xs font-medium uppercase tracking-[.08em] text-muted"[39m
                [36m>[39m
                  [0mItens[0m
                [36m</span>[39m
                [36m<button[39m
                  [33mclass[39m=[32m"text-xs text-gold hover:underline cursor-pointer"[39m
                  [33mtype[39m=[32m"button"[39m
                [36m>[39m
                  [0m+ Cadastrar produto[0m
                [36m</button>[39m
              [36m</div>[39m
              [36m<div[39m
                [33mclass[39m=[32m"grid grid-cols-[1fr_80px_110px_90px_32px] gap-2 items-end"[39m
              [36m>[39m
                [36m<div[39m
                  [33mclass[39m=[32m"flex flex-col gap-1.5"[39m
                [36m>[39m
                  [36m<label[39m
                    [33mclass[39m=[32m"text-xs font-medium uppercase tracking-[.08em] text-muted"[39m
                    [33mfor[39m=[32m"_r_f_"[39m
                  [36m>[39m
                    [0mProduto 1[0m
                  [36m</label>[39m
                  [36m<div[39m
                    [33mclass[39m=[32m"relative"[39m
                  [36m>[39m
                    [36m<select[39m
                      [33mclass[39m=[32m"w-full appearance-none px-3.5 py-2.5 pr-9 rounded-lg border border-line 
bg-surface-2 text-text text-sm cursor-pointer transition-all duration-200 focus:outline-none focus:border-gold/60 
focus:shadow-[0_0_0_3px_rgba(201,168,76,0.12)] hover:border-line-2"[39m
                      [33mid[39m=[32m"_r_f_"[39m
                    [36m>[39m
                      [36m<option[39m
                        [33mvalue[39m=[32m""[39m
                      [36m>[39m
                        [0mSelecione...[0m
                      [36m</option>[39m
                      [36m<option[39m
                        [33mvalue[39m=[32m"pr1"[39m
                      [36m>[39m
                        [0mPerfume X[0m
                      [36m</option>[39m
                      [36m<option[39m
                        [33mvalue[39m=[32m"pr2"[39m
                      [36m>[39m
                        [0mPerfume Y[0m
                      [36m</option>[39m
                    [36m</select>[39m
                    [36m<svg[39m
                      [33mclass[39m=[32m"pointer-events-none absolute right-3 top-1/2 -translate-y-1/2 
text-muted"[39m
                      [33mfill[39m=[32m"none"[39m
                      [33mheight[39m=[32m"12"[39m
                      [33mviewBox[39m=[32m"0 0 12 12"[39m
                      [33mwidth[39m=[32m"12"[39m
                    [36m>[39m
                      [36m<path[39m
                        [33md[39m=[32m"M2.5 4.5L6 8L9.5 4.5"[39m
                        [33mstroke[39m=[32m"currentColor"[39m
                        [33mstroke-linecap[39m=[32m"round"[39m
                        [33mstroke-linejoin[39m=[32m"round"[39m
                        [33mstroke-width[39m=[32m"1.4"[39m
                      [36m/>[39m
                    [36m</svg>[39m
                  [36m</div>[39m
                [36m</div>[39m
                [36m<div[39m
                  [33mclass[39m=[32m"flex flex-col gap-1.5"[39m
                [36m>[39m
                  [36m<label[39m
                    [33mclass[39m=[32m"text-xs font-medium uppercase tracking-[.08em] text-muted"[39m
                    [33mfor[39m=[32m"_r_g_"[39m
                  [36m>[39m
                    [0mQtd 1[0m
                  [36m</label>[39m
                  [36m<input[39m
                    [33mclass[39m=[32m"w-full px-3.5 py-2.5 rounded-lg border border-line bg-surface-2 text-text 
text-sm placeholder:text-faint transition-all duration-200 focus:outline-none focus:border-gold/60 
focus:shadow-[0_0_0_3px_rgba(201,168,76,0.12)] hover:border-line-2"[39m
                    [33mid[39m=[32m"_r_g_"[39m
                    [33mmin[39m=[32m"1"[39m
                    [33mtype[39m=[32m"number"[39m
                    [33mvalue[39m=[32m"1"[39m
                  [36m/>[39m
                [36m</div>[39m
                [36m<div[39m
                  [33mclass[39m=[32m"flex flex-col gap-1.5"[39m
                [36m>[39m
                  [36m<label[39m
                    [33mclass[39m=[32m"text-xs font-medium uppercase tracking-[.08em] text-muted"[39m
                    [33mfor[39m=[32m"_r_h_"[39m
                  [36m>[39m
                    [0mPreço 1[0m
                  [36m</label>[39m
                  [36m<input[39m
                    [33mclass[39m=[32m"w-full px-3.5 py-2.5 rounded-lg border border-line bg-surface-2 text-text 
text-sm placeholder:text-faint transition-all duration-200 focus:outline-none focus:border-gold/60 
focus:shadow-[0_0_0_3px_rgba(201,168,76,0.12)] hover:border-line-2"[39m
                    [33mid[39m=[32m"_r_h_"[39m
                    [33mmin[39m=[32m"0"[39m
                    [33mstep[39m=[32m"0.01"[39m
                    [33mtype[39m=[32m"number"[39m
                    [33mvalue[39m=[32m""[39m
                  [36m/>[39m
                [36m</div>[39m
                [36m<span[39m
                  [33mclass[39m=[32m"text-sm font-mono text-text-2 pb-2.5 text-right"[39m
                [36m>[39m
                  [0m= [0m
                  [0mR$ 0,00[0m
                [36m</span>[39m
                [36m<button[39m
                  [33mclass[39m=[32m"pb-2.5 text-muted hover:text-down cursor-pointer"[39m
                  [33mtitle[39m=[32m"Remover item"[39m
                  [33mtype[39m=[32m"button"[39m
                [36m>[39m
                  [36m<svg[39m
                    [33mclass[39m=[32m"shrink-0"[39m
                    [33mfill[39m=[32m"none"[39m
                    [33mheight[39m=[32m"16"[39m
                    [33mstroke[39m=[32m"currentColor"[39m
                    [33mstroke-linecap[39m=[32m"round"[39m
                    [33mstroke-linejoin[39m=[32m"round"[39m
                    [33mstroke-width[39m=[32m"1.6"[39m
                    [33mviewBox[39m=[32m"0 0 24 24"[39m
                    [33mwidth[39m=[32m"16"[39m
                  [36m>[39m
                    [36m<path[39m
                      [33md[39m=[32m"M4 7h16M9 7V4h6v3M6 7l1 13h10l1-13"[39m
                    [36m/>[39m
                    [36m<path[39m
                      [33md[39m=[32m"M10 11v6M14 11v6"[39m
                    [36m/>[39m
                  [36m</svg>[39m
                [36m</button>[39m
              [36m</div>[39m
              [36m<button[39m
                [33mclass[39m=[32m"inline-flex items-center justify-center gap-2 rounded-lg font-medium 
cursor-pointer whitespace-nowrap transition-all duration-200 active:scale-[0.97] px-3 py-1.5 text-xs border 
border-line bg-surface-2 text-text hover:bg-raise hover:border-gold-line hover:-translate-y-px self-start"[39m
                [33mtype[39m=[32m"button"[39m
              [36m>[39m
                [36m<svg[39m
                  [33mclass[39m=[32m"shrink-0"[39m
                  [33mfill[39m=[32m"none"[39m
                  [33mheight[39m=[32m"14"[39m
                  [33mstroke[39m=[32m"currentColor"[39m
                  [33mstroke-linecap[39m=[32m"round"[39m
                  [33mstroke-linejoin[39m=[32m"round"[39m
                  [33mstroke-width[39m=[32m"1.6"[39m
                  [33mviewBox[39m=[32m"0 0 24 24"[39m
                  [33mwidth[39m=[32m"14"[39m
                [36m>[39m
                  [36m<path[39m
                    [33md[39m=[32m"M12 5v14M5 12h14"[39m
                  [36m/>[39m
                [36m</svg>[39m
                [0mAdicionar item[0m
              [36m</button>[39m
            [36m</div>[39m
            [36m<div[39m
              [33mclass[39m=[32m"flex items-center justify-between border-t border-line pt-3"[39m
            [36m>[39m
              [36m<span[39m
                [33mclass[39m=[32m"text-sm text-muted"[39m
              [36m>[39m
                [0mTotal do pedido[0m
              [36m</span>[39m
              [36m<span[39m
                [33mclass[39m=[32m"text-xl font-mono"[39m
              [36m>[39m
                [0mR$ 0,00[0m
              [36m</span>[39m
            [36m</div>[39m
            [36m<div[39m
              [33mclass[39m=[32m"px-3 py-2.5 rounded-lg bg-down/10 border border-down/30 text-down text-sm"[39m
            [36m>[39m
              [0monCreated is not a function[0m
            [36m</div>[39m
            [36m<div[39m
              [33mclass[39m=[32m"flex justify-end gap-3"[39m
            [36m>[39m
              [36m<button[39m
                [33mclass[39m=[32m"inline-flex items-center justify-center gap-2 rounded-lg font-medium 
cursor-pointer whitespace-nowrap transition-all duration-200 active:scale-[0.97] px-4 py-2.5 text-sm border 
border-line bg-surface-2 text-text hover:bg-raise hover:border-gold-line hover:-translate-y-px"[39m
                [33mtype[39m=[32m"button"[39m
              [36m>[39m
                [0mCancelar[0m
              [36m</button>[39m
              [36m<button[39m
                [33mclass[39m=[32m"inline-flex items-center justify-center gap-2 rounded-lg font-medium 
cursor-pointer whitespace-nowrap transition-all duration-200 active:scale-[0.97] px-4 py-2.5 text-sm sheen-hover 
text-[#1A1407] bg-gradient-to-b from-gold-bright to-gold shadow-[0_2px_14px_rgba(201,168,76,0.25)] 
hover:shadow-[0_4px_22px_rgba(201,168,76,0.4)] hover:-translate-y-px"[39m
                [33mtype[39m=[32m"submit"[39m
              [36m>[39m
                [0mCriar pedido[0m
              [36m</button>[39m
            [36m</div>[39m
          [36m</form>[39m
        [36m</div>[39m
      [36m</dialog>[39m
    [36m</div>[39m
  [36m</body>[39m
[36m</html>[39m
 ❯ src/pages/estoque/__tests__/NovoPedidoModal.test.tsx:120:41
    118|     await user.click(screen.getByRole('button', { name: /criar pedido/…
    119|
    120|     await waitFor(() => expect(onSaved).toHaveBeenCalled())
       |                                         ^
    121|     expect(inserts.pedidos[0]).toMatchObject({
    122|       fornecedor_id: 'f1',
 ❯ runWithExpensiveErrorDiagnosticsDisabled node_modules/@testing-library/dom/dist/config.js:47:12
 ❯ checkCallback node_modules/@testing-library/dom/dist/wait-for.js:124:77
 ❯ Timeout.checkRealTimersCallback node_modules/@testing-library/dom/dist/wait-for.js:118:16

⎯⎯⎯⎯⎯⎯⎯⎯⎯⎯⎯⎯⎯⎯⎯⎯⎯⎯⎯⎯⎯⎯⎯⎯[1/3]⎯

 FAIL  src/pages/estoque/__tests__/NovoPedidoModal.test.tsx > NovoPedidoModal > pré-preenche fornecedor, previsão e 
itens no modo edição
AssertionError: expected '' to be 'f1' // Object.is equality

Ignored nodes: comments, script, style
[36m<html>[39m
  [36m<head />[39m
  [36m<body>[39m
    [36m<div>[39m
      [36m<dialog[39m
        [33mclass[39m=[32m"gold-hairline bg-surface border border-line-2 rounded-2xl p-0 w-full text-text m-auto 
shadow-[0_32px_80px_-20px_rgba(0,0,0,0.7),0_0_40px_-24px_rgba(201,168,76,0.3)] 
open:animate-[scale-in_0.3s_cubic-bezier(0.22,1,0.36,1)] max-w-2xl"[39m
        [33mopen[39m=[32m""[39m
      [36m>[39m
        [36m<div[39m
          [33mclass[39m=[32m"flex items-center justify-between px-6 py-4 border-b border-line"[39m
        [36m>[39m
          [36m<h2[39m
            [33mclass[39m=[32m"text-2xl font-serif font-semibold tracking-wide"[39m
          [36m>[39m
            [0mNovo pedido[0m
          [36m</h2>[39m
          [36m<button[39m
            [33maria-label[39m=[32m"Fechar"[39m
            [33mclass[39m=[32m"w-8 h-8 flex items-center justify-center rounded-lg text-muted hover:text-text 
hover:bg-surface-2 hover:rotate-90 transition-all duration-300 cursor-pointer"[39m
          [36m>[39m
            [36m<svg[39m
              [33mclass[39m=[32m"shrink-0"[39m
              [33mfill[39m=[32m"none"[39m
              [33mheight[39m=[32m"18"[39m
              [33mstroke[39m=[32m"currentColor"[39m
              [33mstroke-linecap[39m=[32m"round"[39m
              [33mstroke-linejoin[39m=[32m"round"[39m
              [33mstroke-width[39m=[32m"1.6"[39m
              [33mstyle[39m=[32m"transform: rotate(45deg);"[39m
              [33mviewBox[39m=[32m"0 0 24 24"[39m
              [33mwidth[39m=[32m"18"[39m
            [36m>[39m
              [36m<path[39m
                [33md[39m=[32m"M12 5v14M5 12h14"[39m
              [36m/>[39m
            [36m</svg>[39m
          [36m</button>[39m
        [36m</div>[39m
        [36m<div[39m
          [33mclass[39m=[32m"p-6"[39m
        [36m>[39m
          [36m<form[39m
            [33mclass[39m=[32m"flex flex-col gap-4"[39m
          [36m>[39m
            [36m<div[39m
              [33mclass[39m=[32m"grid grid-cols-2 gap-3"[39m
            [36m>[39m
              [36m<div[39m
                [33mclass[39m=[32m"flex flex-col gap-1.5"[39m
              [36m>[39m
                [36m<label[39m
                  [33mclass[39m=[32m"text-xs font-medium uppercase tracking-[.08em] text-muted"[39m
                  [33mfor[39m=[32m"_r_i_"[39m
                [36m>[39m
                  [0mFornecedor[0m
                [36m</label>[39m
                [36m<div[39m
                  [33mclass[39m=[32m"relative"[39m
                [36m>[39m
                  [36m<select[39m
                    [33mclass[39m=[32m"w-full appearance-none px-3.5 py-2.5 pr-9 rounded-lg border border-line 
bg-surface-2 text-text text-sm cursor-pointer transition-all duration-200 focus:outline-none focus:border-gold/60 
focus:shadow-[0_0_0_3px_rgba(201,168,76,0.12)] hover:border-line-2"[39m
                    [33mid[39m=[32m"_r_i_"[39m
                    [33mrequired[39m=[32m""[39m
                  [36m>[39m
                    [36m<option[39m
                      [33mvalue[39m=[32m""[39m
                    [36m>[39m
                      [0mSelecione...[0m
                    [36m</option>[39m
                    [36m<option[39m
                      [33mvalue[39m=[32m"f1"[39m
                    [36m>[39m
                      [0mEssências Cairo[0m
                    [36m</option>[39m
                  [36m</select>[39m
                  [36m<svg[39m
                    [33mclass[39m=[32m"pointer-events-none absolute right-3 top-1/2 -translate-y-1/2 
text-muted"[39m
                    [33mfill[39m=[32m"none"[39m
                    [33mheight[39m=[32m"12"[39m
                    [33mviewBox[39m=[32m"0 0 12 12"[39m
                    [33mwidth[39m=[32m"12"[39m
                  [36m>[39m
                    [36m<path[39m
                      [33md[39m=[32m"M2.5 4.5L6 8L9.5 4.5"[39m
                      [33mstroke[39m=[32m"currentColor"[39m
                      [33mstroke-linecap[39m=[32m"round"[39m
                      [33mstroke-linejoin[39m=[32m"round"[39m
                      [33mstroke-width[39m=[32m"1.4"[39m
                    [36m/>[39m
                  [36m</svg>[39m
                [36m</div>[39m
              [36m</div>[39m
              [36m<div[39m
                [33mclass[39m=[32m"flex flex-col gap-1.5"[39m
              [36m>[39m
                [36m<label[39m
                  [33mclass[39m=[32m"text-xs font-medium uppercase tracking-[.08em] text-muted"[39m
                  [33mfor[39m=[32m"_r_j_"[39m
                [36m>[39m
                  [0mPrevisão de chegada[0m
                [36m</label>[39m
                [36m<input[39m
                  [33mclass[39m=[32m"w-full px-3.5 py-2.5 rounded-lg border border-line bg-surface-2 text-text 
text-sm placeholder:text-faint transition-all duration-200 focus:outline-none focus:border-gold/60 
focus:shadow-[0_0_0_3px_rgba(201,168,76,0.12)] hover:border-line-2"[39m
                  [33mid[39m=[32m"_r_j_"[39m
                  [33mtype[39m=[32m"date"[39m
                  [33mvalue[39m=[32m""[39m
                [36m/>[39m
              [36m</div>[39m
            [36m</div>[39m
            [36m<div[39m
              [33mclass[39m=[32m"flex flex-col gap-2"[39m
            [36m>[39m
              [36m<div[39m
                [33mclass[39m=[32m"flex items-center justify-between"[39m
              [36m>[39m
                [36m<span[39m
                  [33mclass[39m=[32m"text-xs font-medium uppercase tracking-[.08em] text-muted"[39m
                [36m>[39m
                  [0mItens[0m
                [36m</span>[39m
                [36m<button[39m
                  [33mclass[39m=[32m"text-xs text-gold hover:underline cursor-pointer"[39m
                  [33mtype[39m=[32m"button"[39m
                [36m>[39m
                  [0m+ Cadastrar produto[0m
                [36m</button>[39m
              [36m</div>[39m
              [36m<div[39m
                [33mclass[39m=[32m"grid grid-cols-[1fr_80px_110px_90px_32px] gap-2 items-end"[39m
              [36m>[39m
                [36m<div[39m
                  [33mclass[39m=[32m"flex flex-col gap-1.5"[39m
                [36m>[39m
                  [36m<label[39m
                    [33mclass[39m=[32m"text-xs font-medium uppercase tracking-[.08em] text-muted"[39m
                    [33mfor[39m=[32m"_r_k_"[39m
                  [36m>[39m
                    [0mProduto 1[0m
                  [36m</label>[39m
                  [36m<div[39m
                    [33mclass[39m=[32m"relative"[39m
                  [36m>[39m
                    [36m<select[39m
                      [33mclass[39m=[32m"w-full appearance-none px-3.5 py-2.5 pr-9 rounded-lg border border-line 
bg-surface-2 text-text text-sm cursor-pointer transition-all duration-200 focus:outline-none focus:border-gold/60 
focus:shadow-[0_0_0_3px_rgba(201,168,76,0.12)] hover:border-line-2"[39m
                      [33mid[39m=[32m"_r_k_"[39m
                    [36m>[39m
                      [36m<option[39m
                        [33mvalue[39m=[32m""[39m
                      [36m>[39m
                        [0mSelecione...[0m
                      [36m</option>[39m
                      [36m<option[39m
                        [33mvalue[39m=[32m"pr1"[39m
                      [36m>[39m
                        [0mPerfume X[0m
                      [36m</option>[39m
                      [36m<option[39m
                        [33mvalue[39m=[32m"pr2"[39m
                      [36m>[39m
                        [0mPerfume Y[0m
                      [36m</option>[39m
                    [36m</select>[39m
                    [36m<svg[39m
                      [33mclass[39m=[32m"pointer-events-none absolute right-3 top-1/2 -translate-y-1/2 
text-muted"[39m
                      [33mfill[39m=[32m"none"[39m
                      [33mheight[39m=[32m"12"[39m
                      [33mviewBox[39m=[32m"0 0 12 12"[39m
                      [33mwidth[39m=[32m"12"[39m
                    [36m>[39m
                      [36m<path[39m
                        [33md[39m=[32m"M2.5 4.5L6 8L9.5 4.5"[39m
                        [33mstroke[39m=[32m"currentColor"[39m
                        [33mstroke-linecap[39m=[32m"round"[39m
                        [33mstroke-linejoin[39m=[32m"round"[39m
                        [33mstroke-width[39m=[32m"1.4"[39m
                      [36m/>[39m
                    [36m</svg>[39m
                  [36m</div>[39m
                [36m</div>[39m
                [36m<div[39m
                  [33mclass[39m=[32m"flex flex-col gap-1.5"[39m
                [36m>[39m
                  [36m<label[39m
                    [33mclass[39m=[32m"text-xs font-medium uppercase tracking-[.08em] text-muted"[39m
                    [33mfor[39m=[32m"_r_l_"[39m
                  [36m>[39m
                    [0mQtd 1[0m
                  [36m</label>[39m
                  [36m<input[39m
                    [33mclass[39m=[32m"w-full px-3.5 py-2.5 rounded-lg border border-line bg-surface-2 text-text 
text-sm placeholder:text-faint transition-all duration-200 focus:outline-none focus:border-gold/60 
focus:shadow-[0_0_0_3px_rgba(201,168,76,0.12)] hover:border-line-2"[39m
                    [33mid[39m=[32m"_r_l_"[39m
                    [33mmin[39m=[32m"1"[39m
                    [33mtype[39m=[32m"number"[39m
                    [33mvalue[39m=[32m"1"[39m
                  [36m/>[39m
                [36m</div>[39m
                [36m<div[39m
                  [33mclass[39m=[32m"flex flex-col gap-1.5"[39m
                [36m>[39m
                  [36m<label[39m
                    [33mclass[39m=[32m"text-xs font-medium uppercase tracking-[.08em] text-muted"[39m
                    [33mfor[39m=[32m"_r_m_"[39m
                  [36m>[39m
                    [0mPreço 1[0m
                  [36m</label>[39m
                  [36m<input[39m
                    [33mclass[39m=[32m"w-full px-3.5 py-2.5 rounded-lg border border-line bg-surface-2 text-text 
text-sm placeholder:text-faint transition-all duration-200 focus:outline-none focus:border-gold/60 
focus:shadow-[0_0_0_3px_rgba(201,168,76,0.12)] hover:border-line-2"[39m
                    [33mid[39m=[32m"_r_m_"[39m
                    [33mmin[39m=[32m"0"[39m
                    [33mstep[39m=[32m"0.01"[39m
                    [33mtype[39m=[32m"number"[39m
                    [33mvalue[39m=[32m""[39m
                  [36m/>[39m
                [36m</div>[39m
                [36m<span[39m
                  [33mclass[39m=[32m"text-sm font-mono text-text-2 pb-2.5 text-right"[39m
                [36m>[39m
                  [0m= [0m
                  [0mR$ 0,00[0m
                [36m</span>[39m
                [36m<button[39m
                  [33mclass[39m=[32m"pb-2.5 text-muted hover:text-down cursor-pointer"[39m
                  [33mtitle[39m=[32m"Remover item"[39m
                  [33mtype[39m=[32m"button"[39m
                [36m>[39m
                  [36m<svg[39m
                    [33mclass[39m=[32m"shrink-0"[39m
                    [33mfill[39m=[32m"none"[39m
                    [33mheight[39m=[32m"16"[39m
                    [33mstroke[39m=[32m"currentColor"[39m
                    [33mstroke-linecap[39m=[32m"round"[39m
                    [33mstroke-linejoin[39m=[32m"round"[39m
                    [33mstroke-width[39m=[32m"1.6"[39m
                    [33mviewBox[39m=[32m"0 0 24 24"[39m
                    [33mwidth[39m=[32m"16"[39m
                  [36m>[39m
                    [36m<path[39m
                      [33md[39m=[32m"M4 7h16M9 7V4h6v3M6 7l1 13h10l1-13"[39m
                    [36m/>[39m
                    [36m<path[39m
                      [33md[39m=[32m"M10 11v6M14 11v6"[39m
                    [36m/>[39m
                  [36m</svg>[39m
                [36m</button>[39m
              [36m</div>[39m
              [36m<button[39m
                [33mclass[39m=[32m"inline-flex items-center justify-center gap-2 rounded-lg font-medium 
cursor-pointer whitespace-nowrap transition-all duration-200 active:scale-[0.97] px-3 py-1.5 text-xs border 
border-line bg-surface-2 text-text hover:bg-raise hover:border-gold-line hover:-translate-y-px self-start"[39m
                [33mtype[39m=[32m"button"[39m
              [36m>[39m
                [36m<svg[39m
                  [33mclass[39m=[32m"shrink-0"[39m
                  [33mfill[39m=[32m"none"[39m
                  [33mheight[39m=[32m"14"[39m
                  [33mstroke[39m=[32m"currentColor"[39m
                  [33mstroke-linecap[39m=[32m"round"[39m
                  [33mstroke-linejoin[39m=[32m"round"[39m
                  [33mstroke-width[39m=[32m"1.6"[39m
                  [33mviewBox[39m=[32m"0 0 24 24"[39m
                  [33mwidth[39m=[32m"14"[39m
                [36m>[39m
                  [36m<path[39m
                    [33md[39m=[32m"M12 5v14M5 12h14"[39m
                  [36m/>[39m
                [36m</svg>[39m
                [0mAdicionar item[0m
              [36m</button>[39m
            [36m</div>[39m
            [36m<div[39m
              [33mclass[39m=[32m"flex items-center justify-between border-t border-line pt-3"[39m
            [36m>[39m
              [36m<span[39m
                [33mclass[39m=[32m"text-sm text-muted"[39m
              [36m>[39m
                [0mTotal do pedido[0m
              [36m</span>[39m
              [36m<span[39m
                [33mclass[39m=[32m"text-xl font-mono"[39m
              [36m>[39m
                [0mR$ 0,00[0m
              [36m</span>[39m
            [36m</div>[39m
            [36m<div[39m
              [33mclass[39m=[32m"flex justify-end gap-3"[39m
            [36m>[39m
              [36m<button[39m
                [33mclass[39m=[32m"inline-flex items-center justify-center gap-2 rounded-lg font-medium 
cursor-pointer whitespace-nowrap transition-all duration-200 active:scale-[0.97] px-4 py-2.5 text-sm border 
border-line bg-surface-2 text-text hover:bg-raise hover:border-gold-line hover:-translate-y-px"[39m
                [33mtype[39m=[32m"button"[39m
              [36m>[39m
                [0mCancelar[0m
              [36m</button>[39m
              [36m<button[39m
                [33mclass[39m=[32m"inline-flex items-center justify-center gap-2 rounded-lg font-medium 
cursor-pointer whitespace-nowrap transition-all duration-200 active:scale-[0.97] px-4 py-2.5 text-sm sheen-hover 
text-[#1A1407] bg-gradient-to-b from-gold-bright to-gold shadow-[0_2px_14px_rgba(201,168,76,0.25)] 
hover:shadow-[0_4px_22px_rgba(201,168,76,0.4)] hover:-translate-y-px"[39m
                [33mtype[39m=[32m"submit"[39m
              [36m>[39m
                [0mCriar pedido[0m
              [36m</button>[39m
            [36m</div>[39m
          [36m</form>[39m
        [36m</div>[39m
      [36m</dialog>[39m
    [36m</div>[39m
  [36m</body>[39m
[36m</html>[39m

- Expected
+ Received

- f1

 ❯ src/pages/estoque/__tests__/NovoPedidoModal.test.tsx:142:81
    140|
    141|     await waitFor(() => {
    142|       expect((screen.getByLabelText(/fornecedor/i) as HTMLSelectElemen…
       |                                                                                 ^
    143|     })
    144|     expect((screen.getByLabelText(/previsão/i) as HTMLInputElement).va…
 ❯ runWithExpensiveErrorDiagnosticsDisabled node_modules/@testing-library/dom/dist/config.js:47:12
 ❯ checkCallback node_modules/@testing-library/dom/dist/wait-for.js:124:77
 ❯ Timeout.checkRealTimersCallback node_modules/@testing-library/dom/dist/wait-for.js:118:16

⎯⎯⎯⎯⎯⎯⎯⎯⎯⎯⎯⎯⎯⎯⎯⎯⎯⎯⎯⎯⎯⎯⎯⎯[2/3]⎯

 FAIL  src/pages/estoque/__tests__/NovoPedidoModal.test.tsx > NovoPedidoModal > submit no modo edição chama update, 
delete e insert com dados corretos
AssertionError: expected '' to be 'pr1' // Object.is equality

Ignored nodes: comments, script, style
[36m<html>[39m
  [36m<head />[39m
  [36m<body>[39m
    [36m<div>[39m
      [36m<dialog[39m
        [33mclass[39m=[32m"gold-hairline bg-surface border border-line-2 rounded-2xl p-0 w-full text-text m-auto 
shadow-[0_32px_80px_-20px_rgba(0,0,0,0.7),0_0_40px_-24px_rgba(201,168,76,0.3)] 
open:animate-[scale-in_0.3s_cubic-bezier(0.22,1,0.36,1)] max-w-2xl"[39m
        [33mopen[39m=[32m""[39m
      [36m>[39m
        [36m<div[39m
          [33mclass[39m=[32m"flex items-center justify-between px-6 py-4 border-b border-line"[39m
        [36m>[39m
          [36m<h2[39m
            [33mclass[39m=[32m"text-2xl font-serif font-semibold tracking-wide"[39m
          [36m>[39m
            [0mNovo pedido[0m
          [36m</h2>[39m
          [36m<button[39m
            [33maria-label[39m=[32m"Fechar"[39m
            [33mclass[39m=[32m"w-8 h-8 flex items-center justify-center rounded-lg text-muted hover:text-text 
hover:bg-surface-2 hover:rotate-90 transition-all duration-300 cursor-pointer"[39m
          [36m>[39m
            [36m<svg[39m
              [33mclass[39m=[32m"shrink-0"[39m
              [33mfill[39m=[32m"none"[39m
              [33mheight[39m=[32m"18"[39m
              [33mstroke[39m=[32m"currentColor"[39m
              [33mstroke-linecap[39m=[32m"round"[39m
              [33mstroke-linejoin[39m=[32m"round"[39m
              [33mstroke-width[39m=[32m"1.6"[39m
              [33mstyle[39m=[32m"transform: rotate(45deg);"[39m
              [33mviewBox[39m=[32m"0 0 24 24"[39m
              [33mwidth[39m=[32m"18"[39m
            [36m>[39m
              [36m<path[39m
                [33md[39m=[32m"M12 5v14M5 12h14"[39m
              [36m/>[39m
            [36m</svg>[39m
          [36m</button>[39m
        [36m</div>[39m
        [36m<div[39m
          [33mclass[39m=[32m"p-6"[39m
        [36m>[39m
          [36m<form[39m
            [33mclass[39m=[32m"flex flex-col gap-4"[39m
          [36m>[39m
            [36m<div[39m
              [33mclass[39m=[32m"grid grid-cols-2 gap-3"[39m
            [36m>[39m
              [36m<div[39m
                [33mclass[39m=[32m"flex flex-col gap-1.5"[39m
              [36m>[39m
                [36m<label[39m
                  [33mclass[39m=[32m"text-xs font-medium uppercase tracking-[.08em] text-muted"[39m
                  [33mfor[39m=[32m"_r_n_"[39m
                [36m>[39m
                  [0mFornecedor[0m
                [36m</label>[39m
                [36m<div[39m
                  [33mclass[39m=[32m"relative"[39m
                [36m>[39m
                  [36m<select[39m
                    [33mclass[39m=[32m"w-full appearance-none px-3.5 py-2.5 pr-9 rounded-lg border border-line 
bg-surface-2 text-text text-sm cursor-pointer transition-all duration-200 focus:outline-none focus:border-gold/60 
focus:shadow-[0_0_0_3px_rgba(201,168,76,0.12)] hover:border-line-2"[39m
                    [33mid[39m=[32m"_r_n_"[39m
                    [33mrequired[39m=[32m""[39m
                  [36m>[39m
                    [36m<option[39m
                      [33mvalue[39m=[32m""[39m
                    [36m>[39m
                      [0mSelecione...[0m
                    [36m</option>[39m
                    [36m<option[39m
                      [33mvalue[39m=[32m"f1"[39m
                    [36m>[39m
                      [0mEssências Cairo[0m
                    [36m</option>[39m
                  [36m</select>[39m
                  [36m<svg[39m
                    [33mclass[39m=[32m"pointer-events-none absolute right-3 top-1/2 -translate-y-1/2 
text-muted"[39m
                    [33mfill[39m=[32m"none"[39m
                    [33mheight[39m=[32m"12"[39m
                    [33mviewBox[39m=[32m"0 0 12 12"[39m
                    [33mwidth[39m=[32m"12"[39m
                  [36m>[39m
                    [36m<path[39m
                      [33md[39m=[32m"M2.5 4.5L6 8L9.5 4.5"[39m
                      [33mstroke[39m=[32m"currentColor"[39m
                      [33mstroke-linecap[39m=[32m"round"[39m
                      [33mstroke-linejoin[39m=[32m"round"[39m
                      [33mstroke-width[39m=[32m"1.4"[39m
                    [36m/>[39m
                  [36m</svg>[39m
                [36m</div>[39m
              [36m</div>[39m
              [36m<div[39m
                [33mclass[39m=[32m"flex flex-col gap-1.5"[39m
              [36m>[39m
                [36m<label[39m
                  [33mclass[39m=[32m"text-xs font-medium uppercase tracking-[.08em] text-muted"[39m
                  [33mfor[39m=[32m"_r_o_"[39m
                [36m>[39m
                  [0mPrevisão de chegada[0m
                [36m</label>[39m
                [36m<input[39m
                  [33mclass[39m=[32m"w-full px-3.5 py-2.5 rounded-lg border border-line bg-surface-2 text-text 
text-sm placeholder:text-faint transition-all duration-200 focus:outline-none focus:border-gold/60 
focus:shadow-[0_0_0_3px_rgba(201,168,76,0.12)] hover:border-line-2"[39m
                  [33mid[39m=[32m"_r_o_"[39m
                  [33mtype[39m=[32m"date"[39m
                  [33mvalue[39m=[32m""[39m
                [36m/>[39m
              [36m</div>[39m
            [36m</div>[39m
            [36m<div[39m
              [33mclass[39m=[32m"flex flex-col gap-2"[39m
            [36m>[39m
              [36m<div[39m
                [33mclass[39m=[32m"flex items-center justify-between"[39m
              [36m>[39m
                [36m<span[39m
                  [33mclass[39m=[32m"text-xs font-medium uppercase tracking-[.08em] text-muted"[39m
                [36m>[39m
                  [0mItens[0m
                [36m</span>[39m
                [36m<button[39m
                  [33mclass[39m=[32m"text-xs text-gold hover:underline cursor-pointer"[39m
                  [33mtype[39m=[32m"button"[39m
                [36m>[39m
                  [0m+ Cadastrar produto[0m
                [36m</button>[39m
              [36m</div>[39m
              [36m<div[39m
                [33mclass[39m=[32m"grid grid-cols-[1fr_80px_110px_90px_32px] gap-2 items-end"[39m
              [36m>[39m
                [36m<div[39m
                  [33mclass[39m=[32m"flex flex-col gap-1.5"[39m
                [36m>[39m
                  [36m<label[39m
                    [33mclass[39m=[32m"text-xs font-medium uppercase tracking-[.08em] text-muted"[39m
                    [33mfor[39m=[32m"_r_p_"[39m
                  [36m>[39m
                    [0mProduto 1[0m
                  [36m</label>[39m
                  [36m<div[39m
                    [33mclass[39m=[32m"relative"[39m
                  [36m>[39m
                    [36m<select[39m
                      [33mclass[39m=[32m"w-full appearance-none px-3.5 py-2.5 pr-9 rounded-lg border border-line 
bg-surface-2 text-text text-sm cursor-pointer transition-all duration-200 focus:outline-none focus:border-gold/60 
focus:shadow-[0_0_0_3px_rgba(201,168,76,0.12)] hover:border-line-2"[39m
                      [33mid[39m=[32m"_r_p_"[39m
                    [36m>[39m
                      [36m<option[39m
                        [33mvalue[39m=[32m""[39m
                      [36m>[39m
                        [0mSelecione...[0m
                      [36m</option>[39m
                      [36m<option[39m
                        [33mvalue[39m=[32m"pr1"[39m
                      [36m>[39m
                        [0mPerfume X[0m
                      [36m</option>[39m
                      [36m<option[39m
                        [33mvalue[39m=[32m"pr2"[39m
                      [36m>[39m
                        [0mPerfume Y[0m
                      [36m</option>[39m
                    [36m</select>[39m
                    [36m<svg[39m
                      [33mclass[39m=[32m"pointer-events-none absolute right-3 top-1/2 -translate-y-1/2 
text-muted"[39m
                      [33mfill[39m=[32m"none"[39m
                      [33mheight[39m=[32m"12"[39m
                      [33mviewBox[39m=[32m"0 0 12 12"[39m
                      [33mwidth[39m=[32m"12"[39m
                    [36m>[39m
                      [36m<path[39m
                        [33md[39m=[32m"M2.5 4.5L6 8L9.5 4.5"[39m
                        [33mstroke[39m=[32m"currentColor"[39m
                        [33mstroke-linecap[39m=[32m"round"[39m
                        [33mstroke-linejoin[39m=[32m"round"[39m
                        [33mstroke-width[39m=[32m"1.4"[39m
                      [36m/>[39m
                    [36m</svg>[39m
                  [36m</div>[39m
                [36m</div>[39m
                [36m<div[39m
                  [33mclass[39m=[32m"flex flex-col gap-1.5"[39m
                [36m>[39m
                  [36m<label[39m
                    [33mclass[39m=[32m"text-xs font-medium uppercase tracking-[.08em] text-muted"[39m
                    [33mfor[39m=[32m"_r_q_"[39m
                  [36m>[39m
                    [0mQtd 1[0m
                  [36m</label>[39m
                  [36m<input[39m
                    [33mclass[39m=[32m"w-full px-3.5 py-2.5 rounded-lg border border-line bg-surface-2 text-text 
text-sm placeholder:text-faint transition-all duration-200 focus:outline-none focus:border-gold/60 
focus:shadow-[0_0_0_3px_rgba(201,168,76,0.12)] hover:border-line-2"[39m
                    [33mid[39m=[32m"_r_q_"[39m
                    [33mmin[39m=[32m"1"[39m
                    [33mtype[39m=[32m"number"[39m
                    [33mvalue[39m=[32m"1"[39m
                  [36m/>[39m
                [36m</div>[39m
                [36m<div[39m
                  [33mclass[39m=[32m"flex flex-col gap-1.5"[39m
                [36m>[39m
                  [36m<label[39m
                    [33mclass[39m=[32m"text-xs font-medium uppercase tracking-[.08em] text-muted"[39m
                    [33mfor[39m=[32m"_r_r_"[39m
                  [36m>[39m
                    [0mPreço 1[0m
                  [36m</label>[39m
                  [36m<input[39m
                    [33mclass[39m=[32m"w-full px-3.5 py-2.5 rounded-lg border border-line bg-surface-2 text-text 
text-sm placeholder:text-faint transition-all duration-200 focus:outline-none focus:border-gold/60 
focus:shadow-[0_0_0_3px_rgba(201,168,76,0.12)] hover:border-line-2"[39m
                    [33mid[39m=[32m"_r_r_"[39m
                    [33mmin[39m=[32m"0"[39m
                    [33mstep[39m=[32m"0.01"[39m
                    [33mtype[39m=[32m"number"[39m
                    [33mvalue[39m=[32m""[39m
                  [36m/>[39m
                [36m</div>[39m
                [36m<span[39m
                  [33mclass[39m=[32m"text-sm font-mono text-text-2 pb-2.5 text-right"[39m
                [36m>[39m
                  [0m= [0m
                  [0mR$ 0,00[0m
                [36m</span>[39m
                [36m<button[39m
                  [33mclass[39m=[32m"pb-2.5 text-muted hover:text-down cursor-pointer"[39m
                  [33mtitle[39m=[32m"Remover item"[39m
                  [33mtype[39m=[32m"button"[39m
                [36m>[39m
                  [36m<svg[39m
                    [33mclass[39m=[32m"shrink-0"[39m

 Test Files  1 failed (1)
      Tests  3 failed | 2 passed (5)
   Start at  08:58:04
   Duration  6.33s (transform 164ms, setup 317ms, import 258ms, tests 4.08s, environment 1.40s)

                    [33mfill[39m=[32m"none"[39m
                    [33mheight[39m=[32m"16"[39m
                    [33mstroke[39m=[32m"currentColor"[39m
                    [33mstroke-linecap[39m=[32m"round"[39m
                    [33mstroke-linejoin[39m=[32m"round"[39m
                    [33mstroke-width[39m=[32m"1.6"[39m
                    [33mviewBox[39m=[32m"0 0 24 24"[39m
                    [33mwidth[39m=[32m"16"[39m
                  [36m>[39m
                    [36m<path[39m
                      [33md[39m=[32m"M4 7h16M9 7V4h6v3M6 7l1 13h10l1-13"[39m
                    [36m/>[39m
                    [36m<path[39m
                      [33md[39m=[32m"M10 11v6M14 11v6"[39m
                    [36m/>[39m
                  [36m</svg>[39m
                [36m</button>[39m
              [36m</div>[39m
              [36m<button[39m
                [33mclass[39m=[32m"inline-flex items-center justify-center gap-2 rounded-lg font-medium 
cursor-pointer whitespace-nowrap transition-all duration-200 active:scale-[0.97] px-3 py-1.5 text-xs border 
border-line bg-surface-2 text-text hover:bg-raise hover:border-gold-line hover:-translate-y-px self-start"[39m
                [33mtype[39m=[32m"button"[39m
              [36m>[39m
                [36m<svg[39m
                  [33mclass[39m=[32m"shrink-0"[39m
                  [33mfill[39m=[32m"none"[39m
                  [33mheight[39m=[32m"14"[39m
                  [33mstroke[39m=[32m"currentColor"[39m
                  [33mstroke-linecap[39m=[32m"round"[39m
                  [33mstroke-linejoin[39m=[32m"round"[39m
                  [33mstroke-width[39m=[32m"1.6"[39m
                  [33mviewBox[39m=[32m"0 0 24 24"[39m
                  [33mwidth[39m=[32m"14"[39m
                [36m>[39m
                  [36m<path[39m
                    [33md[39m=[32m"M12 5v14M5 12h14"[39m
                  [36m/>[39m
                [36m</svg>[39m
                [0mAdicionar item[0m
              [36m</button>[39m
            [36m</div>[39m
            [36m<div[39m
              [33mclass[39m=[32m"flex items-center justify-between border-t border-line pt-3"[39m
            [36m>[39m
              [36m<span[39m
                [33mclass[39m=[32m"text-sm text-muted"[39m
              [36m>[39m
                [0mTotal do pedido[0m
              [36m</span>[39m
              [36m<span[39m
                [33mclass[39m=[32m"text-xl font-mono"[39m
              [36m>[39m
                [0mR$ 0,00[0m
              [36m</span>[39m
            [36m</div>[39m
            [36m<div[39m
              [33mclass[39m=[32m"flex justify-end gap-3"[39m
            [36m>[39m
              [36m<button[39m
                [33mclass[39m=[32m"inline-flex items-center justify-center gap-2 rounded-lg font-medium 
cursor-pointer whitespace-nowrap transition-all duration-200 active:scale-[0.97] px-4 py-2.5 text-sm border 
border-line bg-surface-2 text-text hover:bg-raise hover:border-gold-line hover:-translate-y-px"[39m
                [33mtype[39m=[32m"button"[39m
              [36m>[39m
                [0mCancelar[0m
              [36m</button>[39m
              [36m<button[39m
                [33mclass[39m=[32m"inline-flex items-center justify-center gap-2 rounded-lg font-medium 
cursor-pointer whitespace-nowrap transition-all duration-200 active:scale-[0.97] px-4 py-2.5 text-sm sheen-hover 
text-[#1A1407] bg-gradient-to-b from-gold-bright to-gold shadow-[0_2px_14px_rgba(201,168,76,0.25)] 
hover:shadow-[0_4px_22px_rgba(201,168,76,0.4)] hover:-translate-y-px"[39m
                [33mtype[39m=[32m"submit"[39m
              [36m>[39m
                [0mCriar pedido[0m
              [36m</button>[39m
            [36m</div>[39m
          [36m</form>[39m
        [36m</div>[39m
      [36m</dialog>[39m
    [36m</div>[39m
  [36m</body>[39m
[36m</html>[39m

- Expected
+ Received

- pr1

 ❯ src/pages/estoque/__tests__/NovoPedidoModal.test.tsx:165:80
    163|     // aguarda pré-preenchimento
    164|     await waitFor(() =>
    165|       expect((screen.getByLabelText(/produto 1/i) as HTMLSelectElement…
       |                                                                                ^
    166|     )
    167|
 ❯ runWithExpensiveErrorDiagnosticsDisabled node_modules/@testing-library/dom/dist/config.js:47:12
 ❯ checkCallback node_modules/@testing-library/dom/dist/wait-for.js:124:77
 ❯ Timeout.checkRealTimersCallback node_modules/@testing-library/dom/dist/wait-for.js:118:16

⎯⎯⎯⎯⎯⎯⎯⎯⎯⎯⎯⎯⎯⎯⎯⎯⎯⎯⎯⎯⎯⎯⎯⎯[3/3]⎯

